---
source: crates/turborepo-lib/src/engine/builder.rs
expression: msg
---
missing tasks in project
    Diagnostic severity: error

Error: could not find package `app2` in project
    Diagnostic severity: error
