---
source: crates/turborepo-lib/src/engine/builder.rs
expression: msg
---
"{\"message\": \"missing tasks in project\",\"severity\": \"error\",\"causes\": [],\"labels\": [],\"related\": [{\"message\": \"could not find task `app1#special` in project\",\"severity\": \"error\",\"causes\": [],\"filename\": \"\",\"labels\": [],\"related\": []}]}"
