---
source: crates/turborepo-lib/src/cli/mod.rs
expression: err
---
error: Cannot use run arguments before `run` subcommand

Usage: turbo [OPTIONS] [COMMAND]

For more information, try '--help'.
