---
source: crates/turborepo-lib/src/cli/mod.rs
expression: err
---
error: Cannot use watch arguments before `watch` subcommand

Usage: turbo [OPTIONS] [COMMAND]

For more information, try '--help'.
