---
source: crates/turborepo-lib/tests/common/mod.rs
expression: query_output
---
{
  "data": {
    "file": {
      "path": "index.js",
      "dependencies": {
        "files": {
          "items": [
            {
              "path": "nm/index.js"
            }
          ]
        },
        "errors": {
          "items": []
        }
      }
    }
  }
}
