---
source: crates/turborepo-lib/src/opts.rs
expression: cache_opts
---
Err(
    OverlappingCacheOptions,
)
