---
source: crates/turborepo-lib/src/opts.rs
expression: cache_opts
---
Ok(
    CacheConfig {
        local: CacheActions {
            read: false,
            write: false,
        },
        remote: CacheActions {
            read: true,
            write: true,
        },
    },
)
