---
source: crates/turborepo-lib/src/turbo_json/validator.rs
expression: error_messages
---
[
    "\"pkg-a#test\". Use \"test\" instead.",
    "\"pkg-b#lint\". Use \"lint\" instead.",
]
