---
source: crates/turborepo-lib/src/turbo_json/validator.rs
expression: error_messages
---
[
    "`with` cannot use dependency relationships.",
]
