---
source: crates/turborepo-lib/src/turbo_json/mod.rs
expression: json.tags
---
[]
