---
source: crates/turborepo-lib/src/turbo_json/mod.rs
expression: raw_boundaries_config
---
{}
