---
source: crates/turborepo-lib/src/turbo_json/validator.rs
expression: error_messages
---
[
    "No \"extends\" key found.",
]
