---
source: crates/turborepo-lib/src/turbo_json/validator.rs
expression: error_messages
---
[
    "\"my-package#build\". Use \"build\" instead.",
]
