---
source: crates/turborepo-lib/src/turbo_json/mod.rs
expression: raw_task_definition
---
{
  "tags": [
    "my-tag"
  ],
  "dependencies": null,
  "dependents": null
}
