---
source: crates/turborepo-lib/src/turbo_json/mod.rs
expression: raw_boundaries_config
---
{
  "tags": {
    "my-tag": {
      "dependencies": {
        "allow": [
          "my-package"
        ],
        "deny": null
      }
    }
  }
}
