---
source: crates/turborepo/tests/boundaries.rs
expression: query_output
---
{
  "data": {
    "boundaries": {
      "items": []
    }
  }
}
