---
source: crates/turborepo/tests/boundaries.rs
expression: query_output
---
{
  "data": {
    "boundaries": {
      "items": [
        {
          "message": "cannot import file `../../packages/another/index.jsx` because it leaves the package",
          "import": "../../packages/another/index.jsx"
        },
        {
          "message": "importing from a type declaration package, but import is not declared as a type-only import",
          "import": "ship"
        },
        {
          "message": "importing from a type declaration package, but import is not declared as a type-only import",
          "import": "@types/ship"
        },
        {
          "message": "cannot import package `module-package` because it is not a dependency",
          "import": "module-package"
        }
      ]
    }
  }
}
