---
source: crates/turborepo/tests/query.rs
expression: query_output
---
{
  "data": {
    "file": {
      "path": "main.ts"
    }
  }
}
