---
source: crates/turborepo/tests/query.rs
expression: query_output
---
{
  "data": {
    "file": {
      "path": "main.ts",
      "dependencies": {
        "files": {
          "items": [
            {
              "path": "button.tsx"
            },
            {
              "path": "foo.js"
            },
            {
              "path": "node_modules/repeat-string/index.js"
            }
          ]
        }
      }
    }
  }
}
