---
source: crates/turborepo/tests/query.rs
expression: stderr
---
 WARNING  No locally installed `turbo` found. Using version: 2.2.4-canary.0.
turbo 2.2.4-canary.0

 WARNING  query command is experimental and may change in the future
