---
source: crates/turborepo/tests/query.rs
expression: query_output
---
{
  "data": {
    "package": {
      "tasks": {
        "items": [
          {
            "fullName": "lib-b#build",
            "directDependents": {
              "items": []
            }
          },
          {
            "fullName": "lib-b#build0",
            "directDependents": {
              "items": [
                {
                  "fullName": "app-b#build0"
                },
                {
                  "fullName": "app-b#test"
                },
                {
                  "fullName": "lib-a#build0"
                },
                {
                  "fullName": "lib-a#test"
                }
              ]
            }
          },
          {
            "fullName": "lib-b#test",
            "directDependents": {
              "items": []
            }
          }
        ]
      }
    }
  }
}
