---
source: crates/turborepo/tests/query.rs
expression: query_output
---
{
  "data": {
    "packages": {
      "items": [
        {
          "name": "my-app"
        }
      ]
    }
  }
}
